TMS320C2000 Assembler PC v18.1.2 Fri Dec 14 17:55:19 2018

Tools Copyright (c) 1996-2017 Texas Instruments Incorporated
../F2837xD/F2837xD_DBGIER.asm                                        PAGE    1

       1              ;//###########################################################################
       2              ;//
       3              ;// FILE:  F2837xD_DBGIER.asm
       4              ;//
       5              ;// TITLE: Set the DBGIER register
       6              ;//
       7              ;// DESCRIPTION:
       8              ;//
       9              ;//  Function to set the DBGIER register (for realtime emulation).
      10              ;//  Function Prototype: void SetDBGIER(Uint16)
      11              ;//  Usage: SetDBGIER(value);
      12              ;//  Input Parameters: Uint16 value = value to put in DBGIER register.
      13              ;//  Return Value: none
      14              ;//
      15              ;//###########################################################################
      16              ;// $TI Release: F2837xD Support Library v210 $
      17              ;// $Release Date: Tue Nov  1 14:46:15 CDT 2016 $
      18              ;// $Copyright: Copyright (C) 2013-2016 Texas Instruments Incorporated -
      19              ;//             http://www.ti.com/ ALL RIGHTS RESERVED $
      20              ;//###########################################################################
      21                      .global _SetDBGIER
      22 00000000               .text
      23              
      24 00000000       _SetDBGIER:
      25 00000000 96BD          MOV     *SP++,AL
      26 00000001 7612          POP     DBGIER
      27 00000002 0006          LRETR
      28              
      29              ;//
      30              ;// End of file
      31              ;//

No Assembly Errors, No Assembly Warnings
